// Jest Snapshot v1, https://goo.gl/fbAQLP

exports[`AirportCard should always match the snapshot 1`] = `
ShallowWrapper {
  "length": 1,
  Symbol(enzyme.__root__): [Circular],
  Symbol(enzyme.__unrendered__): <AirportCard
    airport={
        Object {
            "city": "Denver",
            "country": Object {
              "name": "USA",
            },
            "iata": "DEN",
            "name": "Denver",
            "state": Object {
              "abbr": "CO",
            },
          }
    }
    onClick={[Function]}
    removeFlag={false}
/>,
  Symbol(enzyme.__renderer__): Object {
    "batchedUpdates": [Function],
    "getNode": [Function],
    "render": [Function],
    "simulateEvent": [Function],
    "unmount": [Function],
  },
  Symbol(enzyme.__node__): Object {
    "instance": null,
    "key": "DEN",
    "nodeType": "host",
    "props": Object {
      "children": Array [
        <div
          className="IATAcode"
>
          DEN
</div>,
        <div
          className="airportName"
>
          Denver
</div>,
        <div
          className="airportCity"
>
          Denver
          , 
          CO
          , 
          USA
</div>,
        "",
      ],
      "className": "singleAirport",
      "onClick": [Function],
    },
    "ref": null,
    "rendered": Array [
      Object {
        "instance": null,
        "key": null,
        "nodeType": "host",
        "props": Object {
          "children": "DEN",
          "className": "IATAcode",
        },
        "ref": null,
        "rendered": "DEN",
        "type": "div",
      },
      Object {
        "instance": null,
        "key": null,
        "nodeType": "host",
        "props": Object {
          "children": "Denver",
          "className": "airportName",
        },
        "ref": null,
        "rendered": "Denver",
        "type": "div",
      },
      Object {
        "instance": null,
        "key": null,
        "nodeType": "host",
        "props": Object {
          "children": Array [
            "Denver",
            ", ",
            "CO",
            ", ",
            "USA",
          ],
          "className": "airportCity",
        },
        "ref": null,
        "rendered": Array [
          "Denver",
          ", ",
          "CO",
          ", ",
          "USA",
        ],
        "type": "div",
      },
      "",
    ],
    "type": "div",
  },
  Symbol(enzyme.__nodes__): Array [
    Object {
      "instance": null,
      "key": "DEN",
      "nodeType": "host",
      "props": Object {
        "children": Array [
          <div
            className="IATAcode"
>
            DEN
</div>,
          <div
            className="airportName"
>
            Denver
</div>,
          <div
            className="airportCity"
>
            Denver
            , 
            CO
            , 
            USA
</div>,
          "",
        ],
        "className": "singleAirport",
        "onClick": [Function],
      },
      "ref": null,
      "rendered": Array [
        Object {
          "instance": null,
          "key": null,
          "nodeType": "host",
          "props": Object {
            "children": "DEN",
            "className": "IATAcode",
          },
          "ref": null,
          "rendered": "DEN",
          "type": "div",
        },
        Object {
          "instance": null,
          "key": null,
          "nodeType": "host",
          "props": Object {
            "children": "Denver",
            "className": "airportName",
          },
          "ref": null,
          "rendered": "Denver",
          "type": "div",
        },
        Object {
          "instance": null,
          "key": null,
          "nodeType": "host",
          "props": Object {
            "children": Array [
              "Denver",
              ", ",
              "CO",
              ", ",
              "USA",
            ],
            "className": "airportCity",
          },
          "ref": null,
          "rendered": Array [
            "Denver",
            ", ",
            "CO",
            ", ",
            "USA",
          ],
          "type": "div",
        },
        "",
      ],
      "type": "div",
    },
  ],
  Symbol(enzyme.__options__): Object {
    "adapter": ReactSixteenAdapter {
      "options": Object {
        "enableComponentDidUpdateOnSetState": true,
      },
    },
  },
}
`;
