// Jest Snapshot v1, https://goo.gl/fbAQLP

exports[`App snapshot should always match the snapshot 1`] = `
ShallowWrapper {
  "length": 1,
  Symbol(enzyme.__root__): [Circular],
  Symbol(enzyme.__unrendered__): <App />,
  Symbol(enzyme.__renderer__): Object {
    "batchedUpdates": [Function],
    "getNode": [Function],
    "render": [Function],
    "simulateEvent": [Function],
    "unmount": [Function],
  },
  Symbol(enzyme.__node__): Object {
    "instance": null,
    "key": null,
    "nodeType": "host",
    "props": Object {
      "children": Array [
        <Connect(Header) />,
        <main>
          <Route
                    component={[Function]}
                    exact={true}
                    path="/"
                    useKey={false}
          />
          <Route
                    component={[Function]}
                    exact={true}
                    path="/login"
                    useKey={false}
          />
          <Route
                    exact={true}
                    path="/signOut"
                    render={[Function]}
                    useKey={false}
          />
          <Route
                    exact={true}
                    path="/signup"
                    render={[Function]}
                    useKey={false}
          />
          <Route
                    component={[Function]}
                    exact={true}
                    path="/bucketList"
                    useKey={false}
          />
          <Route
                    component={[Function]}
                    exact={true}
                    path="/preferences"
                    useKey={false}
          />
          <Route
                    component={[Function]}
                    exact={true}
                    path="/search"
                    useKey={false}
          />
</main>,
      ],
      "className": "app",
    },
    "ref": null,
    "rendered": Array [
      Object {
        "instance": null,
        "key": null,
        "nodeType": "class",
        "props": Object {},
        "ref": null,
        "rendered": null,
        "type": [Function],
      },
      Object {
        "instance": null,
        "key": null,
        "nodeType": "host",
        "props": Object {
          "children": Array [
            <Route
              component={[Function]}
              exact={true}
              path="/"
              useKey={false}
/>,
            <Route
              component={[Function]}
              exact={true}
              path="/login"
              useKey={false}
/>,
            <Route
              exact={true}
              path="/signOut"
              render={[Function]}
              useKey={false}
/>,
            <Route
              exact={true}
              path="/signup"
              render={[Function]}
              useKey={false}
/>,
            <Route
              component={[Function]}
              exact={true}
              path="/bucketList"
              useKey={false}
/>,
            <Route
              component={[Function]}
              exact={true}
              path="/preferences"
              useKey={false}
/>,
            <Route
              component={[Function]}
              exact={true}
              path="/search"
              useKey={false}
/>,
          ],
        },
        "ref": null,
        "rendered": Array [
          Object {
            "instance": null,
            "key": "Welcome",
            "nodeType": "class",
            "props": Object {
              "component": [Function],
              "exact": true,
              "path": "/",
              "useKey": false,
            },
            "ref": null,
            "rendered": null,
            "type": [Function],
          },
          Object {
            "instance": null,
            "key": "Login",
            "nodeType": "class",
            "props": Object {
              "component": [Function],
              "exact": true,
              "path": "/login",
              "useKey": false,
            },
            "ref": null,
            "rendered": null,
            "type": [Function],
          },
          Object {
            "instance": null,
            "key": "signOut",
            "nodeType": "class",
            "props": Object {
              "exact": true,
              "path": "/signOut",
              "render": [Function],
              "useKey": false,
            },
            "ref": null,
            "rendered": null,
            "type": [Function],
          },
          Object {
            "instance": null,
            "key": "signup",
            "nodeType": "class",
            "props": Object {
              "exact": true,
              "path": "/signup",
              "render": [Function],
              "useKey": false,
            },
            "ref": null,
            "rendered": null,
            "type": [Function],
          },
          Object {
            "instance": null,
            "key": "BucketList",
            "nodeType": "class",
            "props": Object {
              "component": [Function],
              "exact": true,
              "path": "/bucketList",
              "useKey": false,
            },
            "ref": null,
            "rendered": null,
            "type": [Function],
          },
          Object {
            "instance": null,
            "key": "Preferences",
            "nodeType": "class",
            "props": Object {
              "component": [Function],
              "exact": true,
              "path": "/preferences",
              "useKey": false,
            },
            "ref": null,
            "rendered": null,
            "type": [Function],
          },
          Object {
            "instance": null,
            "key": "Search",
            "nodeType": "class",
            "props": Object {
              "component": [Function],
              "exact": true,
              "path": "/search",
              "useKey": false,
            },
            "ref": null,
            "rendered": null,
            "type": [Function],
          },
        ],
        "type": "main",
      },
    ],
    "type": "div",
  },
  Symbol(enzyme.__nodes__): Array [
    Object {
      "instance": null,
      "key": null,
      "nodeType": "host",
      "props": Object {
        "children": Array [
          <Connect(Header) />,
          <main>
            <Route
                        component={[Function]}
                        exact={true}
                        path="/"
                        useKey={false}
            />
            <Route
                        component={[Function]}
                        exact={true}
                        path="/login"
                        useKey={false}
            />
            <Route
                        exact={true}
                        path="/signOut"
                        render={[Function]}
                        useKey={false}
            />
            <Route
                        exact={true}
                        path="/signup"
                        render={[Function]}
                        useKey={false}
            />
            <Route
                        component={[Function]}
                        exact={true}
                        path="/bucketList"
                        useKey={false}
            />
            <Route
                        component={[Function]}
                        exact={true}
                        path="/preferences"
                        useKey={false}
            />
            <Route
                        component={[Function]}
                        exact={true}
                        path="/search"
                        useKey={false}
            />
</main>,
        ],
        "className": "app",
      },
      "ref": null,
      "rendered": Array [
        Object {
          "instance": null,
          "key": null,
          "nodeType": "class",
          "props": Object {},
          "ref": null,
          "rendered": null,
          "type": [Function],
        },
        Object {
          "instance": null,
          "key": null,
          "nodeType": "host",
          "props": Object {
            "children": Array [
              <Route
                component={[Function]}
                exact={true}
                path="/"
                useKey={false}
/>,
              <Route
                component={[Function]}
                exact={true}
                path="/login"
                useKey={false}
/>,
              <Route
                exact={true}
                path="/signOut"
                render={[Function]}
                useKey={false}
/>,
              <Route
                exact={true}
                path="/signup"
                render={[Function]}
                useKey={false}
/>,
              <Route
                component={[Function]}
                exact={true}
                path="/bucketList"
                useKey={false}
/>,
              <Route
                component={[Function]}
                exact={true}
                path="/preferences"
                useKey={false}
/>,
              <Route
                component={[Function]}
                exact={true}
                path="/search"
                useKey={false}
/>,
            ],
          },
          "ref": null,
          "rendered": Array [
            Object {
              "instance": null,
              "key": "Welcome",
              "nodeType": "class",
              "props": Object {
                "component": [Function],
                "exact": true,
                "path": "/",
                "useKey": false,
              },
              "ref": null,
              "rendered": null,
              "type": [Function],
            },
            Object {
              "instance": null,
              "key": "Login",
              "nodeType": "class",
              "props": Object {
                "component": [Function],
                "exact": true,
                "path": "/login",
                "useKey": false,
              },
              "ref": null,
              "rendered": null,
              "type": [Function],
            },
            Object {
              "instance": null,
              "key": "signOut",
              "nodeType": "class",
              "props": Object {
                "exact": true,
                "path": "/signOut",
                "render": [Function],
                "useKey": false,
              },
              "ref": null,
              "rendered": null,
              "type": [Function],
            },
            Object {
              "instance": null,
              "key": "signup",
              "nodeType": "class",
              "props": Object {
                "exact": true,
                "path": "/signup",
                "render": [Function],
                "useKey": false,
              },
              "ref": null,
              "rendered": null,
              "type": [Function],
            },
            Object {
              "instance": null,
              "key": "BucketList",
              "nodeType": "class",
              "props": Object {
                "component": [Function],
                "exact": true,
                "path": "/bucketList",
                "useKey": false,
              },
              "ref": null,
              "rendered": null,
              "type": [Function],
            },
            Object {
              "instance": null,
              "key": "Preferences",
              "nodeType": "class",
              "props": Object {
                "component": [Function],
                "exact": true,
                "path": "/preferences",
                "useKey": false,
              },
              "ref": null,
              "rendered": null,
              "type": [Function],
            },
            Object {
              "instance": null,
              "key": "Search",
              "nodeType": "class",
              "props": Object {
                "component": [Function],
                "exact": true,
                "path": "/search",
                "useKey": false,
              },
              "ref": null,
              "rendered": null,
              "type": [Function],
            },
          ],
          "type": "main",
        },
      ],
      "type": "div",
    },
  ],
  Symbol(enzyme.__options__): Object {
    "adapter": ReactSixteenAdapter {
      "options": Object {
        "enableComponentDidUpdateOnSetState": true,
      },
    },
  },
}
`;
